// Jest Snapshot v1, https://goo.gl/fbAQLP

exports[`add class page should match a snapshot 1`] = `
{
  "asFragment": [Function],
  "baseElement": <body>
    <div>
      <form
        class="container p-1 d-flex flex-column align-items-center"
      >
        <h1
          class="p-2"
        >
          Add a class
        </h1>
        <input
          class="form-control rounded p-1 px-2"
          id="title"
          name="Title"
          placeholder="Enter a title"
        />
        <div
          class="invalid"
        />
        <textarea
          class="form-control rounded p-1 px-2"
          id="description"
          name="Description"
          placeholder="Enter a description"
        />
        <div
          class="invalid"
        />
        <div
          class="mb-3"
        >
          <label
            class="form-label"
            for="formFile"
          >
            Upload a class thumbnail
          </label>
          <input
            accept=".jpg, .png"
            class="form-control form-control-sm"
            data-testid="file-input"
            id="ImageInput"
            name="Image"
            type="file"
          />
        </div>
        <hr />
        <button
          class="btn btn-primary"
          type="submit"
        >
          Add
        </button>
      </form>
    </div>
  </body>,
  "container": <div>
    <form
      class="container p-1 d-flex flex-column align-items-center"
    >
      <h1
        class="p-2"
      >
        Add a class
      </h1>
      <input
        class="form-control rounded p-1 px-2"
        id="title"
        name="Title"
        placeholder="Enter a title"
      />
      <div
        class="invalid"
      />
      <textarea
        class="form-control rounded p-1 px-2"
        id="description"
        name="Description"
        placeholder="Enter a description"
      />
      <div
        class="invalid"
      />
      <div
        class="mb-3"
      >
        <label
          class="form-label"
          for="formFile"
        >
          Upload a class thumbnail
        </label>
        <input
          accept=".jpg, .png"
          class="form-control form-control-sm"
          data-testid="file-input"
          id="ImageInput"
          name="Image"
          type="file"
        />
      </div>
      <hr />
      <button
        class="btn btn-primary"
        type="submit"
      >
        Add
      </button>
    </form>
  </div>,
  "debug": [Function],
  "findAllByAltText": [Function],
  "findAllByDisplayValue": [Function],
  "findAllByLabelText": [Function],
  "findAllByPlaceholderText": [Function],
  "findAllByRole": [Function],
  "findAllByTestId": [Function],
  "findAllByText": [Function],
  "findAllByTitle": [Function],
  "findByAltText": [Function],
  "findByDisplayValue": [Function],
  "findByLabelText": [Function],
  "findByPlaceholderText": [Function],
  "findByRole": [Function],
  "findByTestId": [Function],
  "findByText": [Function],
  "findByTitle": [Function],
  "getAllByAltText": [Function],
  "getAllByDisplayValue": [Function],
  "getAllByLabelText": [Function],
  "getAllByPlaceholderText": [Function],
  "getAllByRole": [Function],
  "getAllByTestId": [Function],
  "getAllByText": [Function],
  "getAllByTitle": [Function],
  "getByAltText": [Function],
  "getByDisplayValue": [Function],
  "getByLabelText": [Function],
  "getByPlaceholderText": [Function],
  "getByRole": [Function],
  "getByTestId": [Function],
  "getByText": [Function],
  "getByTitle": [Function],
  "queryAllByAltText": [Function],
  "queryAllByDisplayValue": [Function],
  "queryAllByLabelText": [Function],
  "queryAllByPlaceholderText": [Function],
  "queryAllByRole": [Function],
  "queryAllByTestId": [Function],
  "queryAllByText": [Function],
  "queryAllByTitle": [Function],
  "queryByAltText": [Function],
  "queryByDisplayValue": [Function],
  "queryByLabelText": [Function],
  "queryByPlaceholderText": [Function],
  "queryByRole": [Function],
  "queryByTestId": [Function],
  "queryByText": [Function],
  "queryByTitle": [Function],
  "rerender": [Function],
  "store": {
    "@@observable": [Function],
    "dispatch": [Function],
    "getState": [Function],
    "replaceReducer": [Function],
    "subscribe": [Function],
  },
  "unmount": [Function],
}
`;
