// Jest Snapshot v1, https://goo.gl/fbAQLP

exports[`Student Card should match a snapshot 1`] = `
<div>
  <tr
    class="p-2 w-100 text-start overflow-scroll neat-text student"
    data-testid="student-card"
  >
    <td
      class="d-flex text-center gap-2 align-items-center"
      scope="row"
    >
      <img
        alt="Profile picture for seniorohar"
        class="rounded-circle bg-light border border-primary mx-2 "
        height="48"
        id="profilePic"
        src="https://api.dicebear.com/6.x/lorelei/svg/seed=seniorohar"
        width="48"
      />
      <div>
        Arsenii
         
        Ohar
      </div>
    </td>
    <td
      scope="row"
    >
      arsen.ogar@gmail.com
    </td>
    <td
      scope="row"
    >
      <div
        class="d-flex gap-3"
      >
        +380987669293
        <div
          class="invisible"
          data-testid="invisible-button"
        >
          <button
            class="p-1 btn btn-danger"
            type="button"
          >
            <img
              alt="Delete Icon"
              data-nimg="1"
              decoding="async"
              height="24"
              loading="lazy"
              src="/_next/image?url=%2Fimg.jpg&w=48&q=75"
              srcset="/_next/image?url=%2Fimg.jpg&w=32&q=75 1x, /_next/image?url=%2Fimg.jpg&w=48&q=75 2x"
              style="color: transparent;"
              width="24"
            />
          </button>
        </div>
      </div>
    </td>
  </tr>
</div>
`;
