// Jest Snapshot v1, https://goo.gl/fbAQLP

exports[`Login Page should match a snapshot 1`] = `
{
  "asFragment": [Function],
  "baseElement": <body>
    <div>
      <div
        class="d-flex w-100"
      >
        <div
          class="container-lg justify-content-center align-items-center text-center"
        >
          <form
            class="main needs-validation"
            id="form"
            name="form"
          >
            <div
              class="p-2"
            >
              <div
                class="d-flex justify-content-center align-items-center p-2"
              >
                <div
                  class="d-flex justify-content-center align-items-center gap-1 bg-dark p-2 rounded"
                >
                  <img
                    alt="Classes Logo"
                    class="border rounded-3 p-1 m-0 fill-light classes-pic"
                    data-nimg="1"
                    decoding="async"
                    height="32"
                    loading="lazy"
                    src="/_next/image?url=%2Fimg.jpg&w=64&q=75"
                    srcset="/_next/image?url=%2Fimg.jpg&w=32&q=75 1x, /_next/image?url=%2Fimg.jpg&w=64&q=75 2x"
                    style="color: transparent;"
                    width="32"
                  />
                  <h3
                    class="m-0 align-middle text-primary"
                  >
                    Classes
                  </h3>
                </div>
              </div>
              <hr
                class="w-100"
              />
            </div>
            <p
              class="fs-5 position-relative"
            >
              <b>
                Hi, please log in 
              </b>
              <img
                alt="Smiling Face"
                data-nimg="1"
                decoding="async"
                height="28"
                loading="lazy"
                src="/_next/image?url=%2Fimg.jpg&w=64&q=75"
                srcset="/_next/image?url=%2Fimg.jpg&w=32&q=75 1x, /_next/image?url=%2Fimg.jpg&w=64&q=75 2x"
                style="color: transparent;"
                width="28"
              />
            </p>
            <div
              class="my-2 has-validation"
            >
              <input
                class="form-control-lg rounded-4 p-1 px-2"
                data-testid="Username"
                id="Username"
                name="Username"
                placeholder="Enter a username"
                type="text"
              />
              <div
                class="invalid"
                data-testid="Username-Error"
              />
            </div>
            <div
              class="my-2 has-validation"
            >
              <input
                class="form-control-lg rounded-4 p-1 px-2"
                data-testid="Password"
                id="Password"
                name="Password"
                placeholder="Enter a password"
                type="password"
              />
              <div
                class="invalid"
                data-testid="Password-Error"
              />
            </div>
            <div
              class="form-check d-inline-block justify-content-center align-items-center"
            >
              <input
                checked=""
                class="form-check-input"
                data-testid="remember-me"
                formnovalidate=""
                id="remember-me"
                name="remember-me"
                type="checkbox"
              />
              <label
                class="form-check-label"
                for="remember-me"
              >
                Remember me
              </label>
            </div>
            <p
              class="visually-hidden"
              data-testid="error"
            />
            <div
              class="d-flex my-2 gap-2 h-50 justify-content-center"
            >
              <button
                class="btn btn-primary rounded-pill px-3"
                id="loginButton"
                type="button"
              >
                Log in
              </button>
              <div
                class="vr m-1"
              />
              <button
                class="btn btn-secondary rounded-pill px-3"
                type="button"
              >
                Sign up
              </button>
            </div>
          </form>
          <footer />
        </div>
      </div>
    </div>
  </body>,
  "container": <div>
    <div
      class="d-flex w-100"
    >
      <div
        class="container-lg justify-content-center align-items-center text-center"
      >
        <form
          class="main needs-validation"
          id="form"
          name="form"
        >
          <div
            class="p-2"
          >
            <div
              class="d-flex justify-content-center align-items-center p-2"
            >
              <div
                class="d-flex justify-content-center align-items-center gap-1 bg-dark p-2 rounded"
              >
                <img
                  alt="Classes Logo"
                  class="border rounded-3 p-1 m-0 fill-light classes-pic"
                  data-nimg="1"
                  decoding="async"
                  height="32"
                  loading="lazy"
                  src="/_next/image?url=%2Fimg.jpg&w=64&q=75"
                  srcset="/_next/image?url=%2Fimg.jpg&w=32&q=75 1x, /_next/image?url=%2Fimg.jpg&w=64&q=75 2x"
                  style="color: transparent;"
                  width="32"
                />
                <h3
                  class="m-0 align-middle text-primary"
                >
                  Classes
                </h3>
              </div>
            </div>
            <hr
              class="w-100"
            />
          </div>
          <p
            class="fs-5 position-relative"
          >
            <b>
              Hi, please log in 
            </b>
            <img
              alt="Smiling Face"
              data-nimg="1"
              decoding="async"
              height="28"
              loading="lazy"
              src="/_next/image?url=%2Fimg.jpg&w=64&q=75"
              srcset="/_next/image?url=%2Fimg.jpg&w=32&q=75 1x, /_next/image?url=%2Fimg.jpg&w=64&q=75 2x"
              style="color: transparent;"
              width="28"
            />
          </p>
          <div
            class="my-2 has-validation"
          >
            <input
              class="form-control-lg rounded-4 p-1 px-2"
              data-testid="Username"
              id="Username"
              name="Username"
              placeholder="Enter a username"
              type="text"
            />
            <div
              class="invalid"
              data-testid="Username-Error"
            />
          </div>
          <div
            class="my-2 has-validation"
          >
            <input
              class="form-control-lg rounded-4 p-1 px-2"
              data-testid="Password"
              id="Password"
              name="Password"
              placeholder="Enter a password"
              type="password"
            />
            <div
              class="invalid"
              data-testid="Password-Error"
            />
          </div>
          <div
            class="form-check d-inline-block justify-content-center align-items-center"
          >
            <input
              checked=""
              class="form-check-input"
              data-testid="remember-me"
              formnovalidate=""
              id="remember-me"
              name="remember-me"
              type="checkbox"
            />
            <label
              class="form-check-label"
              for="remember-me"
            >
              Remember me
            </label>
          </div>
          <p
            class="visually-hidden"
            data-testid="error"
          />
          <div
            class="d-flex my-2 gap-2 h-50 justify-content-center"
          >
            <button
              class="btn btn-primary rounded-pill px-3"
              id="loginButton"
              type="button"
            >
              Log in
            </button>
            <div
              class="vr m-1"
            />
            <button
              class="btn btn-secondary rounded-pill px-3"
              type="button"
            >
              Sign up
            </button>
          </div>
        </form>
        <footer />
      </div>
    </div>
  </div>,
  "debug": [Function],
  "findAllByAltText": [Function],
  "findAllByDisplayValue": [Function],
  "findAllByLabelText": [Function],
  "findAllByPlaceholderText": [Function],
  "findAllByRole": [Function],
  "findAllByTestId": [Function],
  "findAllByText": [Function],
  "findAllByTitle": [Function],
  "findByAltText": [Function],
  "findByDisplayValue": [Function],
  "findByLabelText": [Function],
  "findByPlaceholderText": [Function],
  "findByRole": [Function],
  "findByTestId": [Function],
  "findByText": [Function],
  "findByTitle": [Function],
  "getAllByAltText": [Function],
  "getAllByDisplayValue": [Function],
  "getAllByLabelText": [Function],
  "getAllByPlaceholderText": [Function],
  "getAllByRole": [Function],
  "getAllByTestId": [Function],
  "getAllByText": [Function],
  "getAllByTitle": [Function],
  "getByAltText": [Function],
  "getByDisplayValue": [Function],
  "getByLabelText": [Function],
  "getByPlaceholderText": [Function],
  "getByRole": [Function],
  "getByTestId": [Function],
  "getByText": [Function],
  "getByTitle": [Function],
  "queryAllByAltText": [Function],
  "queryAllByDisplayValue": [Function],
  "queryAllByLabelText": [Function],
  "queryAllByPlaceholderText": [Function],
  "queryAllByRole": [Function],
  "queryAllByTestId": [Function],
  "queryAllByText": [Function],
  "queryAllByTitle": [Function],
  "queryByAltText": [Function],
  "queryByDisplayValue": [Function],
  "queryByLabelText": [Function],
  "queryByPlaceholderText": [Function],
  "queryByRole": [Function],
  "queryByTestId": [Function],
  "queryByText": [Function],
  "queryByTitle": [Function],
  "rerender": [Function],
  "store": {
    "@@observable": [Function],
    "dispatch": [Function],
    "getState": [Function],
    "replaceReducer": [Function],
    "subscribe": [Function],
  },
  "unmount": [Function],
}
`;

exports[`this is a Login Page test matches a snapshot 1`] = `
{
  "asFragment": [Function],
  "baseElement": <body>
    <div>
      <div
        class="d-flex w-100"
      >
        <div
          class="container-lg justify-content-center align-items-center text-center"
        >
          <form
            class="main needs-validation"
            id="form"
            name="form"
          >
            <div
              class="p-2"
            >
              <div
                class="d-flex justify-content-center align-items-center p-2"
              >
                <div
                  class="d-flex justify-content-center align-items-center gap-1 bg-dark p-2 rounded"
                >
                  <img
                    alt="Classes Logo"
                    class="border rounded-3 p-1 m-0 fill-light classes-pic"
                    data-nimg="1"
                    decoding="async"
                    height="32"
                    loading="lazy"
                    src="/_next/image?url=%2Fimg.jpg&w=64&q=75"
                    srcset="/_next/image?url=%2Fimg.jpg&w=32&q=75 1x, /_next/image?url=%2Fimg.jpg&w=64&q=75 2x"
                    style="color: transparent;"
                    width="32"
                  />
                  <h3
                    class="m-0 align-middle text-primary"
                  >
                    Classes
                  </h3>
                </div>
              </div>
              <hr
                class="w-100"
              />
            </div>
            <p
              class="fs-5 position-relative"
            >
              <b>
                Hi, please log in 
              </b>
              <img
                alt="Smiling Face"
                data-nimg="1"
                decoding="async"
                height="28"
                loading="lazy"
                src="/_next/image?url=%2Fimg.jpg&w=64&q=75"
                srcset="/_next/image?url=%2Fimg.jpg&w=32&q=75 1x, /_next/image?url=%2Fimg.jpg&w=64&q=75 2x"
                style="color: transparent;"
                width="28"
              />
            </p>
            <div
              class="my-2 has-validation"
            >
              <input
                class="form-control-lg rounded-4 p-1 px-2"
                data-testid="Username"
                id="Username"
                name="Username"
                placeholder="Enter a username"
                type="text"
              />
              <div
                class="invalid"
                data-testid="Username-Error"
              />
            </div>
            <div
              class="my-2 has-validation"
            >
              <input
                class="form-control-lg rounded-4 p-1 px-2"
                data-testid="Password"
                id="Password"
                name="Password"
                placeholder="Enter a password"
                type="password"
              />
              <div
                class="invalid"
                data-testid="Password-Error"
              />
            </div>
            <div
              class="form-check d-inline-block justify-content-center align-items-center"
            >
              <input
                checked=""
                class="form-check-input"
                data-testid="remember-me"
                formnovalidate=""
                id="remember-me"
                name="remember-me"
                type="checkbox"
              />
              <label
                class="form-check-label"
                for="remember-me"
              >
                Remember me
              </label>
            </div>
            <p
              class="visually-hidden"
              data-testid="error"
            />
            <div
              class="d-flex my-2 gap-2 h-50 justify-content-center"
            >
              <button
                class="btn btn-primary rounded-pill px-3"
                id="loginButton"
                type="button"
              >
                Log in
              </button>
              <div
                class="vr m-1"
              />
              <button
                class="btn btn-secondary rounded-pill px-3"
                type="button"
              >
                Sign up
              </button>
            </div>
          </form>
          <footer />
        </div>
      </div>
    </div>
  </body>,
  "container": <div>
    <div
      class="d-flex w-100"
    >
      <div
        class="container-lg justify-content-center align-items-center text-center"
      >
        <form
          class="main needs-validation"
          id="form"
          name="form"
        >
          <div
            class="p-2"
          >
            <div
              class="d-flex justify-content-center align-items-center p-2"
            >
              <div
                class="d-flex justify-content-center align-items-center gap-1 bg-dark p-2 rounded"
              >
                <img
                  alt="Classes Logo"
                  class="border rounded-3 p-1 m-0 fill-light classes-pic"
                  data-nimg="1"
                  decoding="async"
                  height="32"
                  loading="lazy"
                  src="/_next/image?url=%2Fimg.jpg&w=64&q=75"
                  srcset="/_next/image?url=%2Fimg.jpg&w=32&q=75 1x, /_next/image?url=%2Fimg.jpg&w=64&q=75 2x"
                  style="color: transparent;"
                  width="32"
                />
                <h3
                  class="m-0 align-middle text-primary"
                >
                  Classes
                </h3>
              </div>
            </div>
            <hr
              class="w-100"
            />
          </div>
          <p
            class="fs-5 position-relative"
          >
            <b>
              Hi, please log in 
            </b>
            <img
              alt="Smiling Face"
              data-nimg="1"
              decoding="async"
              height="28"
              loading="lazy"
              src="/_next/image?url=%2Fimg.jpg&w=64&q=75"
              srcset="/_next/image?url=%2Fimg.jpg&w=32&q=75 1x, /_next/image?url=%2Fimg.jpg&w=64&q=75 2x"
              style="color: transparent;"
              width="28"
            />
          </p>
          <div
            class="my-2 has-validation"
          >
            <input
              class="form-control-lg rounded-4 p-1 px-2"
              data-testid="Username"
              id="Username"
              name="Username"
              placeholder="Enter a username"
              type="text"
            />
            <div
              class="invalid"
              data-testid="Username-Error"
            />
          </div>
          <div
            class="my-2 has-validation"
          >
            <input
              class="form-control-lg rounded-4 p-1 px-2"
              data-testid="Password"
              id="Password"
              name="Password"
              placeholder="Enter a password"
              type="password"
            />
            <div
              class="invalid"
              data-testid="Password-Error"
            />
          </div>
          <div
            class="form-check d-inline-block justify-content-center align-items-center"
          >
            <input
              checked=""
              class="form-check-input"
              data-testid="remember-me"
              formnovalidate=""
              id="remember-me"
              name="remember-me"
              type="checkbox"
            />
            <label
              class="form-check-label"
              for="remember-me"
            >
              Remember me
            </label>
          </div>
          <p
            class="visually-hidden"
            data-testid="error"
          />
          <div
            class="d-flex my-2 gap-2 h-50 justify-content-center"
          >
            <button
              class="btn btn-primary rounded-pill px-3"
              id="loginButton"
              type="button"
            >
              Log in
            </button>
            <div
              class="vr m-1"
            />
            <button
              class="btn btn-secondary rounded-pill px-3"
              type="button"
            >
              Sign up
            </button>
          </div>
        </form>
        <footer />
      </div>
    </div>
  </div>,
  "debug": [Function],
  "findAllByAltText": [Function],
  "findAllByDisplayValue": [Function],
  "findAllByLabelText": [Function],
  "findAllByPlaceholderText": [Function],
  "findAllByRole": [Function],
  "findAllByTestId": [Function],
  "findAllByText": [Function],
  "findAllByTitle": [Function],
  "findByAltText": [Function],
  "findByDisplayValue": [Function],
  "findByLabelText": [Function],
  "findByPlaceholderText": [Function],
  "findByRole": [Function],
  "findByTestId": [Function],
  "findByText": [Function],
  "findByTitle": [Function],
  "getAllByAltText": [Function],
  "getAllByDisplayValue": [Function],
  "getAllByLabelText": [Function],
  "getAllByPlaceholderText": [Function],
  "getAllByRole": [Function],
  "getAllByTestId": [Function],
  "getAllByText": [Function],
  "getAllByTitle": [Function],
  "getByAltText": [Function],
  "getByDisplayValue": [Function],
  "getByLabelText": [Function],
  "getByPlaceholderText": [Function],
  "getByRole": [Function],
  "getByTestId": [Function],
  "getByText": [Function],
  "getByTitle": [Function],
  "queryAllByAltText": [Function],
  "queryAllByDisplayValue": [Function],
  "queryAllByLabelText": [Function],
  "queryAllByPlaceholderText": [Function],
  "queryAllByRole": [Function],
  "queryAllByTestId": [Function],
  "queryAllByText": [Function],
  "queryAllByTitle": [Function],
  "queryByAltText": [Function],
  "queryByDisplayValue": [Function],
  "queryByLabelText": [Function],
  "queryByPlaceholderText": [Function],
  "queryByRole": [Function],
  "queryByTestId": [Function],
  "queryByText": [Function],
  "queryByTitle": [Function],
  "rerender": [Function],
  "store": {
    "@@observable": [Function],
    "dispatch": [Function],
    "getState": [Function],
    "replaceReducer": [Function],
    "subscribe": [Function],
  },
  "unmount": [Function],
}
`;
